[Licensing::Module] Trying to connect to existing licensing client channel...
Built from '6000.3/staging' branch; Version is '6000.3.17f1 (cf0352b38e81) revision 13566802'; Using compiler version '194234433'; Build Type 'Release'
OS: 'Windows 11  (10.0.26200) Professional' Language: 'en' Physical Memory: 65305 MB
BatchMode: 1, IsHumanControllingUs: 0, StartBugReporterOnCrash: 0, Is64bit: 1
[Licensing::IpcConnector] Successfully connected to: "LicenseClient-gifft" at "2026-07-29T14:02:25.6510264Z"
System  architecture: x64
Process architecture: x64
Date: 2026-07-29T14:02:25Z

COMMAND LINE ARGUMENTS:
C:\Program Files\Unity\Hub\Editor\6000.3.17f1\Editor\Unity.exe
-batchmode
-runTests
-projectPath
.
-testPlatform
EditMode
-logFile
unity-editmode.log
Successfully changed project path to: D:/Tinh/Rebuild_GuildMaster
D:/Tinh/Rebuild_GuildMaster
Exiting without the bug reporter. Application will terminate with return code 1